border_size=1
usage=map

Gs          , Gs          , Gs          , Gs          , Gs          , Gs          , Gs          , Gs          , Gs          , Gs          , Gs          , Gs          , Gs          , Gs          , Mm          , Mm          , Mm          , Mm          , Mm          , Mm          , Mm          , Mm          , Mm          , Mm          , Mm          , Mm          , Mm          , Mm          , Mm          , Mm          , Mm          , Mm          , Mm          , Mm          , Mm          , Mm          , Mm          , Mm          , Mm          , Mm          , Mm          , Gg          , Mm          , Mm          , Mm          , Hh          , Hh          , Hh          , Mm          , Mm          , Mm          , Mm          
Gs          , Gs          , Gs          , Gs          , Gs          , Gs          , Gs          , Gs          , Gs          , Gs          , Gs          , Gs          , Mm          , Mm          , Mm          , Mm          , Mm          , Mm          , Mm          , Mm          , Mm          , Mm          , Mm          , Mm          , Mm          , Mm          , Mm          , Mm          , Mm          , Mm          , Mm          , Mm          , Mm          , Mm          , Mm          , Mm          , Mm          , Mm          , Mm          , Mm          , Mm          , Mm          , Mm          , Mm          , Mm          , Hh          , Hh          , Hh          , Mm          , Mm          , Mm          , Mm          
Gs          , Gs          , Gs          , Gs          , Ch          , Ch          , Ch          , Gs          , Gs          , Gs          , Gs          , Gs          , Mm          , Mm          , Mm          , Mm          , Mm          , Mm          , Mm          , Mm          , Mm          , Mm          , Mm          , Mm          , Mm          , Mm          , Mm          , Mm          , Mm          , Mm          , Mm          , Mm          , Mm          , Mm          , Mm          , Mm          , Mm          , Mm          , Mm          , Mm          , Mm          , Mm          , Mm          , Mm          , Mm          , Mm          , Mm          , Hh          , Mm          , Mm          , Mm          , Mm          
Gs          , Gs          , Gs          , Ch          , Gs          , Gs          , Gs          , Ch          , Gs          , Gs          , Gs          , Gs          , Mm          , Mm          , Mm          , Mm          , Mm          , Mm          , Mm          , Mm          , Mm          , Mm          , Mm          , Mm          , Mm          , Mm          , Mm          , Mm          , Mm          , Mm          , Mm          , Mm          , Mm          , Mm          , Mm          , Mm          , Mm          , Mm          , Mm          , Mm          , Mm          , Mm          , Mm          , Mm          , Mm          , Mm          , Mm          , Hh          , Mm          , Mm          , Mm          , Mm          
Gs          , Gs          , Gs          , Ch          , Gs          , Gs          , Gs          , Ch          , Gs          , Gs          , Ch          , Gs          , Gs          , Mm          , Mm          , Mm          , Mm          , Mm          , Mm          , Mm          , Mm          , Mm          , Mm          , Mm          , Mm          , Mm          , Mm          , Mm          , Mm          , Mm          , Mm          , Mm          , Mm          , Mm          , Mm          , Mm          , Mm          , Mm          , Mm          , Mm          , Mm          , Mm          , Mm          , Mm          , Mm          , Mm          , Mm          , Mm          , Mm          , Mm          , Hh          , Hh          
Gs          , Gs          , Gs          , Ch          , Ch          , 3 Kh        , Ch          , Ch          , Gs          , Gs          , Gs          , Gs          , Gs          , Gs          , Gs          , Mm          , Gs          , Mm          , Gs          , Mm          , Mm          , Mm          , Mm          , Mm          , Mm          , Mm          , Mm          , Mm          , Mm          , Mm          , Mm          , Mm          , Mm          , Mm          , Mm          , Mm          , Mm          , Mm          , Mm          , Mm          , Hh          , Mm          , Mm          , Mm          , Mm          , Mm          , Mm          , Mm          , Mm          , Mm          , Hh          , Hh          
Gs          , Gs          , Gs          , Gs          , Rp          , Ch          , Gs          , Gs          , Gs          , Gs          , Mm          , Mm          , Mm          , Mm          , Mm          , Gs          , Gs          , Gs          , Gs          , Gs          , Gs          , Gs          , Hh          , Hh          , Hh          , Mm          , Mm          , Mm          , Mm          , Mm          , Mm          , Mm          , Mm          , Mm          , Mm          , Mm          , Mm          , Mm          , Mm          , Hh          , Hh          , Mm          , Mm          , Mm          , Mm          , Mm          , Mm          , Mm          , Mm          , Mm          , Mm          , Hh          
Gs          , Gs          , Gs          , Gs          , Rp          , Gs          , Gs          , Gs          , Mm          , Mm          , Mm          , Mm          , Mm          , Mm          , Mm          , Mm          , Mm          , Gs          , Gs          , Gs          , Hh          , Hh          , Hh^Fp       , Hh          , Hh^Fp       , Hh          , Mm          , Mm          , Mm          , Mm          , Mm          , Mm          , Mm          , Mm          , Mm          , Mm          , Mm          , Mm          , Mm          , Mm          , Mm          , Mm          , Mm          , Mm          , Mm          , Mm          , Mm          , Mm          , Mm          , Mm          , Mm          , Mm          
Gs          , Gs          , Gs          , Gs          , Gs          , Rp          , Rp          , Gs          , Mm          , Mm          , Mm          , Mm          , Mm          , Mm          , Mm          , Mm          , Mm          , Mm          , Mm          , Gs          , Gs          , Hh          , Hh          , Hh          , Hh          , Hh          , Hh          , Mm          , Mm          , Mm          , Mm          , Mm          , Mm          , Mm          , Mm          , Mm          , Mm          , Mm          , Mm          , Mm          , Mm          , Mm          , Mm          , Mm          , Mm          , Mm          , Mm          , Mm          , Mm          , Mm          , Mm          , Mm          
Gs          , Gs          , Gs          , Gs          , Gs          , Ch          , Rp          , Gs          , Mm          , Mm          , Mm          , Mm          , Mm          , Mm          , Mm          , Mm          , Mm          , Mm          , Mm          , Gs          , Gs          , Hh          , Hh          , Hh          , Hh^Fp       , Hh^Fp       , Hh^Fp       , Hh^Fp       , Gll^Fp      , Hh          , Hh          , Hh          , Hh          , Mm          , Mm          , Mm          , Mm          , Mm          , Mm          , Mm          , Mm          , Mm          , Mm          , Mm          , Mm          , Mm          , Mm          , Mm          , Mm          , Mm          , Mm          , Mm          
Gs          , Gs          , Gs          , Gs          , Gs          , Gs          , Rp          , Gs          , Mm          , Mm          , Mm          , Mm          , Mm          , Mm          , Mm          , Mm          , Mm          , Mm          , Mm          , Gs          , Gs          , Hh          , Hh          , Hh^Fp       , Hh^Fp       , Hh^Fp       , Hh          , Gll^Fp      , Hh^Fp       , Hh^Fp       , Hh^Fp       , Hh          , Hh          , Hh          , Hh          , Mm          , Mm          , Mm          , Mm          , Mm          , Mm          , Mm          , Mm          , Mm          , Mm          , Mm          , Mm          , Mm          , Mm          , Mm          , Mm          , Mm          
Gs          , Gs          , Mm          , Mm          , Mm          , Gs          , Gs          , Rp          , Rp          , Mm          , Mm          , Mm          , Mm          , Mm          , Mm          , Mm          , Mm          , Mm          , Mm          , Gs          , Hh^Fp       , Hh          , Gll^Fp      , Gll^Fp      , Gll^Fp      , Gll^Fp      , Gll^Fp      , Hh^Fp       , Hh^Fp       , Hh^Fp       , Hh^Fp       , Hh^Fp       , Gll^Fp      , Hh          , Hh          , Mm          , Mm          , Mm          , Mm          , Mm          , Mm          , Hh^Vhh      , Mm          , Mm          , Mm          , Mm          , Mm          , Mm          , Mm          , Mm          , Ww          , Ww          
Mm          , Mm          , Mm          , Mm          , Mm          , Mm          , Mm          , Gs          , Gs          , Rp          , Rp          , Mm          , Mm          , Mm          , Mm          , Mm          , Mm          , Mm          , Gs          , Gs          , Hh^Fp       , Hh^Fp       , Gll^Fp      , Gll^Fp      , Gll^Fp      , Gll^Fp      , Gll^Fp      , Hh^Fp       , Hh^Fp       , Hh^Fp       , Gll^Fp      , Hh^Fp       , Hh^Fp       , Hh          , Hh^Fp       , Hh          , Hh          , Mm          , Mm          , Mm          , Mm          , Mm          , Mm          , Mm          , Mm          , Mm          , Ww          , Mm          , Mm          , Ww          , Ww          , Ww          
Mm          , Mm          , Mm          , Mm          , Mm          , Mm          , Mm          , Mm          , Mm          , Gs          , Rp          , Gs          , Gs          , Mm          , Gs          , Gs          , Gs          , Gs          , Gs          , Gs          , Gll^Fp      , Gll^Fp      , Gll^Fp      , Gll^Fp      , Gll^Fp      , Gll^Fp      , Gll^Fp      , Gll^Fp      , Gll^Fp      , Gll^Fp      , Gll^Fp      , Gll^Fp      , Hh^Fp       , Hh          , Hh          , Hh^Fp       , Hh^Fp       , Hh          , Hh          , Mm          , Mm          , Mm          , Mm          , Mm          , Ww          , Ww          , Mm          , Ww          , Ww          , Ww          , Ww          , Ww          
Mm          , Mm          , Mm          , Mm          , Mm          , Mm          , Mm          , Mm          , Mm          , Gs          , Rp          , Gs          , Gs          , Gs          , Gs          , Gs          , Gs          , Gs          , Gs          , Gll^Fp      , Gll^Fp      , Gll^Fp      , Gll^Fp      , Gll^Fp      , Gll^Fp      , Gll^Fp      , Gll^Fp      , Gll^Fp      , Gs          , Gs          , Gs          , Gs          , Gs          , Gs          , Gs          , Hh          , Hh          , Hh^Fp       , Hh          , Hh          , Hh          , Mm          , Mm          , Mm          , Ww          , Mm          , Mm          , Ww          , Mm          , Ww          , Ww          , Ww          
Mm          , Mm          , Mm          , Mm          , Mm          , Mm          , Mm          , Mm          , Mm          , Gs          , Gs          , Rp          , Rp          , Gs          , Gs          , Gs          , Gs          , Gs          , Gs          , Gll^Fp      , Gll^Fp      , Gll^Fp      , Gll^Fp      , Gll^Fp      , Gll^Fp      , Gll^Fp      , Gll^Fp      , Gs          , Gs          , Gs          , Gs          , Gs          , Gg^Gvs      , Gs          , Gs          , Gs          , Gs          , Hh          , Gs          , Hh          , Hh          , Hh          , Mm          , Mm          , Ww          , Mm          , Mm          , Mm          , Mm          , Mm          , Ww          , Ww          
Mm          , Mm          , Mm          , Mm          , Mm          , Mm          , Mm          , Mm          , Mm          , Gs          , Gs          , Gs          , Gs          , Rp          , Rp          , Gs          , Rp          , Gs          , Gs          , Gs          , Gs          , Gll^Fp      , Gll^Fp      , Gll^Fp      , Gll^Fp      , Gll^Fp      , Gs          , Gs          , Gg^Gvs      , Gg^Gvs      , Gg^Gvs      , Gg^Gvs      , Gg^Gvs      , Gg^Gvs      , Gg^Gvs      , Gs          , Gs          , Gs          , Gs          , Gs          , Gs          , Hh          , Mm          , Mm          , Ww          , Mm          , Mm          , Mm          , Mm          , Mm          , Mm          , Mm          
Mm          , Mm          , Mm          , Mm          , Mm          , Mm          , Mm          , Mm          , Hh^Fp       , Hh^Fp       , Gs          , Gs          , Gll^Fp      , Gs          , Gs          , Rp          , Gs          , Rp          , Rp          , Gs          , Gs          , Gs          , Gs          , Gs          , Gs          , Gs          , Gg^Gvs      , Gg^Gvs      , Gg^Gvs      , Gg^Gvs      , Gg^Gvs      , Gg^Gvs      , Gg^Gvs      , Gg^Gvs      , Gg^Gvs      , Gg^Gvs      , Gs          , Gs          , Gs          , Gs          , Gs          , Hh          , Hh          , Mm          , Ww          , Mm          , Mm          , Mm          , Mm          , Mm          , Mm          , Mm          
Mm          , Mm          , Mm          , Mm          , Mm          , Mm          , Mm          , Mm          , Hh^Fp       , Hh^Fp       , Gll^Fp      , Gll^Fp      , Gll^Fp      , Gll^Fp      , Gs          , Gs          , Gs          , Gs          , Gs          , Rp          , Rp          , Gs          , Gs          , Gs          , Gs          , Gs          , Gg^Gvs      , Gg^Gvs      , Gg^Gvs      , Gg^Gvs      , Gg^Gvs      , Gg^Gvs      , Gg^Gvs      , Gg^Gvs      , Gg^Gvs      , Gg^Gvs      , Gs          , Gs          , Gs          , Gs          , Ww          , Gs          , Ww          , Ww          , Hh          , Hh          , Mm          , Mm          , Mm          , Mm          , Mm          , Mm          
Mm          , Mm          , Mm          , Mm          , Mm          , Mm          , Hh^Fp       , Hh^Fp       , Hh^Fp       , Hh^Fp       , Gll^Fp      , Gll^Fp      , Gll^Fp      , Gll^Fp      , Gll^Fp      , Gs          , Gs          , Gs          , Gs          , Rp          , Rp          , Gs          , Gs          , Gs          , Gs          , Gs          , Gg^Gvs      , Gg^Gvs      , Gg^Gvs      , Gg^Gvs      , Gg^Gvs      , Gg^Gvs      , Gg^Gvs      , Gg^Gvs      , Gg^Gvs      , Gg^Gvs      , Gs          , Gs          , Ww          , Ww          , Gs          , Ww          , Gs          , Gs          , Gs          , Gs          , Gs          , Mm          , Mm          , Mm          , Mm          , Mm          
Mm          , Mm          , Mm          , Mm          , Mm          , Mm          , Hh^Fp       , Hh^Fp       , Gll^Fp      , Gll^Fp      , Gll^Fp      , Gll^Fp      , Gll^Fp      , Gll^Fp      , Gll^Fp      , Gll^Fp      , Gll^Fp      , Gs          , Gs          , Gs          , Rp          , Gs          , Gs          , Gs          , Gs          , Gs          , Gs          , Gg^Gvs      , Gs          , Gg^Gvs      , Gg^Gvs      , Gg^Gvs      , Gs          , Gg^Gvs      , Gs          , Gs          , Gs          , Ww          , Gs          , Gs          , Gg^Gvs      , Gs          , Gg^Gvs      , Gs          , Gg^Gvs      , Gs          , Gs          , Mm          , Mm          , Mm          , Mm          , Mm          
Hh^Fp       , Mm          , Mm          , Mm          , Hh^Fp       , Hh^Fp       , Gll^Fp      , Gll^Fp      , Gll^Fp      , Gll^Fp      , Gll^Fp      , Gll^Fp      , Gll^Fp      , Gll^Fp      , Gll^Fp      , Gll^Fp      , Gll^Fp      , Gs          , Gs          , Gs          , Rp          , Gs          , Gs          , Gs          , Gs          , Gs          , Gs          , Gs          , Gs          , Gs          , Gs          , Gs          , Gs          , Gs          , Gs          , Gs          , Gs          , Ww          , Gs          , Gg^Gvs      , Gg^Gvs      , Gg^Gvs      , Gg^Gvs      , Gg^Gvs      , Gg^Gvs      , Gg^Gvs      , Gs          , Mm          , Mm          , Mm          , Mm          , Mm          
Hh^Fp       , Hh^Fp       , Hh^Fp       , Hh^Fp       , Hh^Fp       , Hh^Fp       , Hh^Fp       , Gll^Fp      , Gll^Fp      , Gll^Fp      , Gll^Fp      , Gll^Fp      , Gll^Fp      , Gll^Fp      , Gll^Fp      , Gll^Fp      , Gs          , Gs          , Gs          , Gs          , Rp          , Gs          , Gs          , Gs          , Gs          , Gs          , Gs          , Gs          , Gs          , Gs          , Gs^Vh       , Gs          , Gs          , Gs          , Gs^Vh       , Gs          , Gs          , Ww          , Gg^Gvs      , Gg^Gvs      , Gg^Gvs      , Gg^Gvs      , Gg^Gvs      , Gg^Gvs      , Gg^Gvs      , Gg^Gvs      , Gs          , Hh          , Mm          , Mm          , Mm          , Mm          
Hh^Fp       , Hh^Fp       , Gll^Fp      , Hh^Fp       , Gll^Fp      , Hh^Fp       , Gll^Fp      , Gll^Fp      , Gll^Fp      , Gll^Fp      , Gll^Fp      , Gll^Fp      , Gll^Fp      , Gll^Fp      , Gs          , Gs          , Gs          , Gs          , Gg^Gvs      , Gs          , Rp          , Gs          , Ww          , Gs          , Ww          , Gs          , Gs          , Gs          , Gs          , Gs          , Gs          , Rp          , Rp          , Gs          , Gs          , Gs          , Ww          , Ww          , Gg^Gvs      , Gg^Gvs      , Gg^Gvs      , Gg^Gvs      , Gg^Gvs      , Gg^Gvs      , Gs          , Gs          , Gs          , Hh          , Mm          , Mm          , Mm          , Mm          
Gll^Fp      , Gll^Fp      , Gll^Fp      , Gll^Fp      , Gll^Fp      , Gll^Fp      , Gll^Fp      , Gll^Fp      , Gll^Fp      , Gll^Fp      , Gll^Fp      , Gll^Fp      , Gs          , Gs          , Gs          , Gs          , Gs          , Gg^Gvs      , Gg^Gvs      , Ww          , Ww          , Ww^Bw\      , Rp          , Ww          , Gs          , Ww          , Ww          , Gs          , Gs          , Gs          , Gs          , Gs          , Gs          , Rp          , Gs          , Gs          , Ww          , Gs          , Gg^Gvs      , Gg^Gvs      , Gg^Gvs      , Gg^Gvs      , Gg^Gvs      , Gg^Gvs      , Gs          , Gs          , Gs          , Mm          , Mm          , Mm          , Mm          , Mm          
Gll^Fp      , Gll^Fp      , Gll^Fp      , Gll^Fp      , Gll^Fp      , Gll^Fp      , Gll^Fp      , Gll^Fp      , Gll^Fp      , Gll^Fp      , Gll^Fp      , Gll^Fp      , Gs          , Gs          , Gs          , Gs          , Gs          , Gg^Gvs      , Ww          , Ww          , Gs          , Gs          , Rp          , Gs          , Gs          , Gs          , Gs          , Ww          , Ww          , Gs          , Gs          , Gs^Vh       , Gs          , Rp          , Ww^Bw\      , Ww          , Gs          , Gs          , Gs          , Gg^Gvs      , Gg^Gvs      , Gg^Gvs      , Gg^Gvs      , Gg^Gvs      , Gs          , Gs          , Mm          , Mm          , Mm          , Mm          , Mm          , Mm          
Gll^Fp      , Gll^Fp      , Gll^Fp      , Gll^Fp      , Gll^Fp      , Gll^Fp      , Gll^Fp      , Gll^Fp      , Gll^Fp      , Gll^Fp      , Gs          , Gs          , Gs          , Gs          , Gg^Gvs      , Gg^Gvs      , Ww          , Ww          , Gs          , Gs          , Gs          , Gs          , Gs          , Rp          , Rp          , Rp          , Gs^Vh       , Ww          , Gs          , Ww          , Ww          , Gs          , Ww          , Rp          , Ww          , Rp          , Rp          , Gs          , Gs          , Gs          , Gs          , Gs          , Gs          , Gs          , Gs          , Gs          , Mm          , Mm          , Mm          , Mm          , Mm          , Mm          
Gll^Fp      , Gll^Fp      , Gll^Fp      , Gll^Fp      , Gll^Fp      , Gll^Fp      , Gll^Fp      , Gll^Fp      , Gs          , Gs          , Gs          , Gs          , Gs          , Gg^Gvs      , Gg^Gvs      , Gg^Gvs      , Ww          , Gs          , Gs          , Gs          , Gs^Vh       , Gs          , Rp          , Rp          , Gs          , Gs          , Gs          , Gs          , Gs          , Ww          , Ww          , Ww          , Gs          , Ww          , Gs          , Gs          , Gs          , Rp          , Gs          , Gs          , Gs          , Gs          , Gs          , Gs          , Mm          , Mm          , Mm          , Mm          , Mm          , Mm          , Mm          , Mm          
Gll^Fp      , Gll^Fp      , Gll^Fp      , Gll^Fp      , Gll^Fp      , Gll^Fp      , Gll^Fp      , Gll^Fp      , Gs          , Gs          , Gs          , Gs          , Gs          , Gg^Gvs      , Ww          , Ww          , Ww          , Gs          , Gs          , Gs          , Gs          , Gs          , Rp          , Gs          , Gs          , Gs          , Gs          , Gs          , Gs          , Gs          , Gs          , Gs          , Gs          , Gs          , Gs          , Gs^Vh       , Gs          , Rp          , Gs          , Gs          , Gs          , Gs          , Gs          , Gs          , Mm          , Mm          , Mm          , Mm          , Mm          , Mm          , Gs          , Gs          
Gll^Fp      , Gll^Fp      , Gll^Fp      , Gll^Fp      , Gll^Fp      , Gll^Fp      , Gll^Fp      , Gll^Fp      , Gs          , Gs          , Gs          , Gs          , Ww          , Ww          , Ww          , Ww          , Gs          , Gs          , Gs          , Gs          , Gs          , Gs          , Rp          , Gs          , Gs          , Gs          , Gs          , Gs          , Gs          , Gs          , Gs^Vh       , Gs          , Gs          , Gs          , Gs          , Gs          , Rp          , Rp          , Gs          , Gs^Vh       , Gs          , Gs          , Gs          , Gs          , Gs          , Mm          , Gs          , Mm          , Mm          , Mm          , Gs          , Gs          
Gll^Fp      , Gll^Fp      , Gll^Fp      , Gll^Fp      , Gll^Fp      , Gll^Fp      , Gll^Fp      , Gs          , Gs          , Gs          , Gs          , Gs          , Ww          , Ww          , Gg^Gvs      , Gs          , Gs          , Gs          , Gs          , Gs          , Gs          , Gs          , Rp          , Gs          , Rp          , Rp          , Rp          , Gs          , Gs          , Gs          , Gs          , Rp          , Rp          , Gs          , Rp          , Rp          , Gs          , Gs          , Gs          , Gs          , Gs          , Gs          , Gs          , Gs          , Gs          , Gs          , Gs          , Gs          , Gs          , Gs          , Gs          , Gs          
Gll^Fp      , Gll^Fp      , Gll^Fp      , Gll^Fp      , Gll^Fp      , Gll^Fp      , Gs          , Gs          , Gs          , Gs          , Gs          , Ww          , Gs          , Gg^Gvs      , Gg^Gvs      , Gg^Gvs      , Gg^Gvs      , Gs          , Gs          , Gs^Vh       , Gs          , Gs          , Rp          , Gs          , Rr          , Rr^Vhc      , Rr          , Rp          , Rp          , Rp          , Rp          , 2 Rp        , Gs          , Rp          , Gs          , Rp          , 1 Rp        , Gs          , Rp          , Rp          , Rp          , Gs          , Gs          , Gs          , Gs          , Gs          , Gs          , Gs          , Gs          , Gs          , Rp          , Gs          
Gll^Fp      , Gll^Fp      , Gll^Fp      , Gll^Fp      , Gll^Fp      , Gll^Fp      , Gs          , Gs          , Ww          , Ww          , Ww          , Ww          , Gg^Gvs      , Gg^Gvs      , Gg^Gvs      , Gg^Gvs      , Gg^Gvs      , Gs          , Gs          , Gs          , Rp          , Rp          , Gs          , Rp          , Gs          , Rr          , Rr          , Rr          , Gs^Vh       , Gs          , Gs          , Gs          , Gs          , Gs          , Gs          , Gs          , Rp          , Rp          , Gs          , Gs          , Gs          , Rp          , Rp          , Gs          , Gs          , Gs          , Rp          , Rp          , Rp          , Rp          , Gs          , Rp          
Gll^Fp      , Gll^Fp      , Gs          , Gs          , Gs          , Gs          , Gs          , Ww          , Gs          , Gs          , Gs          , Gs          , Gg^Gvs      , Gg^Gvs      , Gg^Gvs      , Gg^Gvs      , Gg^Gvs      , Gg^Gvs      , Gs          , Gs          , Rp          , Gs          , Gs          , Gs^Vh       , Gs          , Gs          , Rp          , Gs          , Gs          , Gs          , Gs          , Gs          , Gg^Gvs      , Gg^Gvs      , Gg^Gvs      , Gs          , Rp          , Gs          , Gg^Gvs      , Gg^Gvs      , Gg^Gvs      , Gs          , Gs          , Rp          , Rp          , Rp          , Gs          , Gs          , Gs          , Gs          , Gs          , Gs          
Gs          , Ww          , Ww          , Gs          , Gs          , Gs          , Gs          , Ww          , Gs          , Gs          , Gs          , Gg^Gvs      , Gg^Gvs      , Gg^Gvs      , Gg^Gvs      , Gg^Gvs      , Gg^Gvs      , Gg^Gvs      , Gs          , Gs          , Rp          , Gs          , Gs          , Gs          , Gs          , Gs^Vh       , Gs          , Rp          , Gs          , Gs          , Gg^Gvs      , Gg^Gvs      , Gg^Gvs      , Gg^Gvs      , Gg^Gvs      , Gg^Gvs      , Rp          , Gs          , Gg^Gvs      , Gg^Gvs      , Gg^Gvs      , Gg^Gvs      , Gg^Gvs      , Gs          , Gs          , Gs          , Gs          , Gs          , Gs          , Gs          , Gs          , Gs          
Ww          , Ww          , Gs          , Ww          , Gs          , Gs          , Gs          , Ww          , Ww          , Gs          , Gs          , Gg^Gvs      , Gg^Gvs      , Gg^Gvs      , Gg^Gvs      , Gg^Gvs      , Gg^Gvs      , Gg^Gvs      , Gs          , Gs          , Rp          , Gs          , Gs          , Gs          , Gs          , Gs          , Gs          , Rp          , Gs          , Gs          , Gg^Gvs      , Gg^Gvs      , Gg^Gvs      , Gg^Gvs      , Gg^Gvs      , Gg^Gvs      , Rp          , Gs          , Gg^Gvs      , Gg^Gvs      , Gg^Gvs      , Gg^Gvs      , Gg^Gvs      , Gs          , Gs          , Gs          , Mm          , Mm          , Mm          , Gs          , Gs          , Gs          
Ww          , Gs          , Gs          , Ww          , Ww          , Gs          , Gs          , Gs          , Gs          , Ww          , Gs          , Gs          , Gs          , Gg^Gvs      , Gg^Gvs      , Gg^Gvs      , Gs          , Gs          , Gs          , Gs          , Rp          , Gs          , Gs          , Gs          , Gs          , Gs          , Gs          , Gs          , Gs          , Gs          , Gs          , Gg^Gvs      , Gg^Gvs      , Gg^Gvs      , Gs          , Gs          , Rp          , Gs          , Gg^Gvs      , Gg^Gvs      , Gg^Gvs      , Gg^Gvs      , Gs          , Gs          , Gs          , Mm          , Mm          , Mm          , Mm          , Mm          , Mm          , Gs          
Ww          , Gs          , Hh          , Gs          , Gs          , Ww          , Gs          , Gs          , Gs          , Ww          , Ww          , Gs          , Gs          , Gs          , Gs          , Gs          , Gs          , Gs          , Rp          , Gs^Vh       , Gs          , Gs          , Gg^Gvs      , Gs          , Gg^Gvs      , Gs          , Gs          , Gs^Vh       , Gs          , Gs          , Gg^Gvs      , Gs          , Gs          , Gs          , Gs          , Rp          , Gs          , Gs          , Gg^Gvs      , Gg^Gvs      , Gg^Gvs      , Gg^Gvs      , Gs          , Gs          , Gs          , Mm          , Mm          , Mm          , Mm          , Mm          , Mm          , Mm          
Mm          , Mm          , Mm          , Hh          , Mm          , Ww          , Ww          , Gs          , Ww          , Gs          , Ww          , Gs          , Gs          , Gs          , Gs          , Gs          , Rp          , Rp          , Gs          , Gs          , Gg^Gvs      , Gg^Gvs      , Gg^Gvs      , Gg^Gvs      , Gg^Gvs      , Gg^Gvs      , Gs          , Gs          , Gg^Gvs      , Gg^Gvs      , Gg^Gvs      , Gg^Gvs      , Gg^Gvs      , Gs          , Gs          , Rp          , Gs          , Gs          , Gs          , Gs          , Gs          , Gs          , Gs          , Gs          , Gs          , Mm          , Mm          , Mm          , Mm          , Mm          , Mm          , Mm          
Mm          , Mm          , Mm          , Mm          , Mm          , Mm          , Hh          , Ww          , Gs          , Ww          , Gs          , Gs          , Rp          , Gs          , Rp          , Rp          , Gs          , Gs          , Gs          , Gg^Gvs      , Gg^Gvs      , Gg^Gvs      , Gg^Gvs      , Gg^Gvs      , Gg^Gvs      , Gg^Gvs      , Gs          , Gs          , Gg^Gvs      , Gg^Gvs      , Gg^Gvs      , Gg^Gvs      , Gg^Gvs      , Gg^Gvs      , Gs          , Gs^Vh       , Gs          , Gs          , Gg^Gvs      , Gs          , Gg^Gvs      , Gs          , Gs          , Gs          , Gs          , Gs          , Gs          , Mm          , Mm          , Mm          , Mm          , Mm          
Hh          , Mm          , Mm          , Mm          , Mm          , Mm          , Hh          , Gs          , Rp          , Gs          , Rp          , Rp          , Mm          , Rp          , Gs          , Gs          , Gs          , Gs          , Gs          , Gg^Gvs      , Gg^Gvs      , Gg^Gvs      , Gg^Gvs      , Gg^Gvs      , Gg^Gvs      , Gg^Gvs      , Gs          , Gg^Gvs      , Gg^Gvs      , Gg^Gvs      , Gg^Gvs      , Gg^Gvs      , Gg^Gvs      , Gg^Gvs      , Gs          , Rp          , Gg^Gvs      , Gg^Gvs      , Gg^Gvs      , Gg^Gvs      , Gg^Gvs      , Gg^Gvs      , Gs          , Gs          , Gs          , Gs          , Gs          , Gs          , Mm          , Mm          , Mm          , Mm          
Mm          , Mm          , Mm          , Mm          , Mm          , Mm          , Rp          , Rp          , Hh          , Rp          , Hh^Vhh      , Mm          , Mm          , Mm          , Gs          , Gs          , Gs          , Gs          , Gs          , Gs          , Gg^Gvs      , Gg^Gvs      , Gg^Gvs      , Gg^Gvs      , Gg^Gvs      , Gg^Gvs      , Gs          , Gg^Gvs      , Gg^Gvs      , Gg^Gvs      , Gg^Gvs      , Gg^Gvs      , Gg^Gvs      , Gg^Gvs      , Rp          , Rp          , Gg^Gvs      , Gg^Gvs      , Gg^Gvs      , Gg^Gvs      , Gg^Gvs      , Gg^Gvs      , Gs          , Gs          , Gs          , Gs          , Gs          , Gs          , Mm          , Mm          , Mm          , Mm          
Mm          , Mm          , Mm          , Mm          , Hh          , Hh          , Rp          , Hh          , Mm          , Mm          , Mm          , Mm          , Mm          , Mm          , Mm          , Gs          , Gs          , Gs          , Gs          , Gs          , Gs          , Gg^Gvs      , Gs          , Gs          , Gs          , Gs          , Gs          , Gg^Gvs      , Gg^Gvs      , Gg^Gvs      , Gg^Gvs      , Gg^Gvs      , Gg^Gvs      , Gs          , Rp          , Gg^Gvs      , Gg^Gvs      , Gg^Gvs      , Gg^Gvs      , Gg^Gvs      , Gg^Gvs      , Gg^Gvs      , Gs          , Gs          , Gs          , Gs          , Gs          , Mm          , Mm          , Mm          , Mm          , Mm          
Mm          , Mm          , Mm          , Hh          , Hh          , Hh          , Rp          , Hh          , Mm          , Mm          , Mm          , Mm          , Mm          , Mm          , Mm          , Mm          , Mm          , Mm          , Mm          , Gs          , Gs          , Gs          , Gs          , Gs          , Gs          , Gs          , Gs          , Gs          , Gs          , Gg^Gvs      , Gg^Gvs      , Gg^Gvs      , Gs          , Rp          , Gs          , Gg^Gvs      , Gg^Gvs      , Gg^Gvs      , Gg^Gvs      , Gg^Gvs      , Gg^Gvs      , Gg^Gvs      , Gs          , Gs          , Gs          , Gs          , Mm          , Mm          , Mm          , Mm          , Mm          , Mm          
Mm          , Mm          , Hh          , Hh          , Hh^Efm      , Rp          , Hh          , Hh          , Mm          , Mm          , Mm          , Mm          , Mm          , Mm          , Mm          , Mm          , Mm          , Mm          , Mm          , Mm          , Mm          , Gs          , Mm          , Mm          , Mm          , Gs          , Gs          , Gs          , Gs          , Gs          , Gs          , Gs          , Gs          , Gs^Vh       , Gs          , Gg^Gvs      , Gg^Gvs      , Gg^Gvs      , Gs          , Gg^Gvs      , Gs          , Gs          , Gs          , Gs          , Mm          , Mm          , Mm          , Mm          , Mm          , Mm          , Mm          , Mm          
Mm          , Mm          , Hh          , Hh          , Hh          , Rp          , Hh          , Mm          , Mm          , Mm          , Mm          , Mm          , Mm          , Mm          , Mm          , Mm          , Mm          , Mm          , Mm          , Mm          , Mm          , Mm          , Mm          , Mm          , Mm          , Gs          , Gs          , Gs          , Hh          , Gs          , Gs          , Gs          , Gs          , Rp          , Gs          , Gs          , Gs          , Gs          , Gs          , Gs          , Gs          , Gs          , Gs          , Gs          , Mm          , Mm          , Mm          , Mm          , Mm          , Mm          , Mm          , Mm          
Mm          , Mm          , Hh          , Hh          , Hh          , Rp          , Hh          , Mm          , Mm          , Mm          , Mm          , Mm          , Mm          , Mm          , Mm          , Mm          , Mm          , Mm          , Mm          , Mm          , Mm          , Mm          , Mm          , Mm          , Mm          , Mm          , Hh          , Hh          , Hh          , Hh          , Hh          , Gs          , Rp          , Rp          , Gs          , Gs          , Gs          , Gs          , Gs          , Gs          , Mm          , Mm          , Mm          , Mm          , Mm          , Mm          , Mm          , Mm          , Mm          , Mm          , Mm          , Mm          
Mm          , Mm          , Hh          , Hh          , Hh          , Rp          , Hh          , Hh          , Hh          , Hh          , Hh          , Hh          , Rp          , Hh          , Hh          , Hh          , Hh          , Hh          , Hh          , Mm          , Mm          , Mm          , Mm          , Mm          , Mm          , Mm          , Hh          , Hh          , Hh          , Hh          , Rp          , Rp          , Gs          , Gs          , Mm          , Mm          , Mm          , Mm          , Mm          , Mm          , Mm          , Mm          , Mm          , Mm          , Mm          , Mm          , Mm          , Mm          , Mm          , Mm          , Mm          , Mm          
Mm          , Mm          , Mm          , Hh          , Rp          , Rp          , Rp          , Hh          , Rp          , Hh          , Rp          , Rp          , Hh          , Rp          , Rp          , Rp          , Rp          , Rp          , Rp          , Hh          , Hh          , Mm          , Mm          , Mm          , Mm          , Mm          , Hh          , Hh          , Hh          , Rp          , Hh          , Hh          , Hh          , Mm          , Mm          , Mm          , Mm          , Mm          , Mm          , Mm          , Mm          , Mm          , Mm          , Mm          , Mm          , Mm          , Mm          , Mm          , Mm          , Mm          , Mm          , Mm          
Mm          , Mm          , Mm          , Mm          , Mm          , Hh          , Hh          , Rp          , Hh          , Rp          , Hh          , Hh          , Mm          , Hh          , Mm          , Hh          , Hh          , Hh          , Hh          , Rp          , Rp          , Hh          , Hh          , Mm          , Mm          , Mm          , Hh          , Hh          , Rp          , Rp          , Hh          , Hh          , Hh          , Hh          , Hh          , Mm          , Mm          , Mm          , Mm          , Mm          , Mm          , Mm          , Mm          , Mm          , Mm          , Mm          , Mm          , Mm          , Mm          , Mm          , Mm          , Mm          
Mm          , Mm          , Mm          , Mm          , Mm          , Mm          , Mm          , Hh          , Hh          , Hh          , Mm          , Mm          , Mm          , Mm          , Mm          , Mm          , Mm          , Mm          , Mm          , Hh          , Hh          , Rp          , Rp          , Hh          , Rp          , Hh          , Rp          , Rp          , Hh          , Hh          , Hh          , Hh          , Hh          , Hh          , Hh          , Mm          , Mm          , Mm          , Mm          , Mm          , Mm          , Mm          , Mm          , Mm          , Mm          , Mm          , Mm          , Mm          , Mm          , Mm          , Mm          , Mm          
Mm          , Mm          , Mm          , Mm          , Mm          , Mm          , Mm          , Hh          , Hh          , Hh          , Mm          , Mm          , Mm          , Mm          , Mm          , Mm          , Mm          , Mm          , Mm          , Mm          , Hh          , Hh          , Hh          , Rp          , Hh          , Rp          , Hh          , Hh          , Hh          , Hh          , Hh          , Hh          , Hh          , Hh          , Hh          , Mm          , Mm          , Mm          , Mm          , Mm          , Mm          , Mm          , Mm          , Mm          , Mm          , Mm          , Mm          , Mm          , Mm          , Mm          , Mm          , Mm          
